Microchip MPLAB XC8 Compiler V2.32

Linker command line:

-W-3 --edf=C:\Program Files\Microchip\xc8\v2.32\pic\dat\en_msgs.txt -cn \
  -h+dist/default/production\geladeira.X.production.sym \
  --cmf=dist/default/production\geladeira.X.production.cmf -z -Q18F4520 \
  -oC:\Users\Brenno\AppData\Local\Temp\xcAs20lk.4 --defsym=__MPLAB_BUILD=1 \
  -Mdist/default/production/geladeira.X.production.map -E1 \
  -ver=XC8 Compiler --acfsm=1493 -ASTACK=080h-05FFh -pstack=STACK \
  -ACODE=00h-07FFFh -ACONST=00h-07FFFh -ASMALLCONST=0600h-06FFhx122 \
  -AMEDIUMCONST=0600h-07FFFh -ACOMRAM=01h-07Fh -AABS1=00h-05FFh \
  -ABIGRAM=01h-05FFh -ARAM=080h-0FFh,0100h-01FFhx5 -ABANK0=080h-0FFh \
  -ABANK1=0100h-01FFh -ABANK2=0200h-02FFh -ABANK3=0300h-03FFh \
  -ABANK4=0400h-04FFh -ABANK5=0500h-05FFh -ASFR=0F80h-0FFFh \
  -ACONFIG=0300000h-030000Dh -AIDLOC=0200000h-0200007h \
  -AEEDATA=0F00000h-0F000FFh -peeprom_data=EEDATA \
  -preset_vec=00h,intcode,intcodelo,powerup,init -pramtop=0600h \
  -psmallconst=SMALLCONST -pmediumconst=MEDIUMCONST -pconst=CONST \
  -AFARRAM=00h-00h \
  -prdata=COMRAM,nvrram=COMRAM,nvbit=COMRAM,rbss=COMRAM,rbit=COMRAM \
  -pfarbss=FARRAM,fardata=FARRAM,nvFARRAM=FARRAM \
  -pintsave_regs=BIGRAM,bigbss=BIGRAM,bigdata=BIGRAM -pbss=RAM \
  -pidata=CODE,irdata=CODE,ibigdata=CODE,ifardata=CODE -prparam=COMRAM \
  C:\Users\Brenno\AppData\Local\Temp\xcAs20lk.o \
  dist/default/production\geladeira.X.production.o 

Object code version is 3.11

Machine type is 18F4520



                Name                               Link     Load   Length Selector   Space Scale
C:\Users\Brenno\AppData\Local\Temp\xcAs20lk.o
                idloc                            200000   200000        8        0       5
                config                           300000   300000        E        0       4
                init                                  0        0        4        0       0
dist/default/production\geladeira.X.production.o
                idloc                            200000   200000        8        0       5
                config                           300000   300000        E        0       4
                smallconst                          600      600       C6      300       0
                text38                              D5C      D5C      4C0      363       0
                text37                             1CD8     1CD8      104      363       0
                text36                             1E90     1E90       A4      363       0
                text35                             1FBC     1FBC       88      363       0
                text34                             146A     146A      24E      363       0
                text33                             2324     2324       48      363       0
                text32                             2286     2286       50      363       0
                text31                             2044     2044       74      363       0
                text30                             254E     254E       26      363       0
                text29                             20B8     20B8       6C      363       0
                text28                             217E     217E       5A      363       0
                text27                             25B0     25B0       1E      363       0
                text26                             24D8     24D8       2A      363       0
                text25                             1824     1824      16A      363       0
                text24                             121C     121C      24E      363       0
                text23                             24AE     24AE       2A      363       0
                text22                             2484     2484       2A      363       0
                text21                             22D6     22D6       4E      363       0
                text20                             198E     198E      136      363       0
                text19                             23AE     23AE       3E      363       0
                text18                             2422     2422       32      363       0
                text17                             25E8     25E8        A      363       0
                text16                             2454     2454       30      363       0
                text15                             25F8     25F8        2      363       0
                text14                             236C     236C       42      363       0
                text13                             2124     2124       5A      363       0
                text12                             2592     2592       1E      363       0
                text11                             2528     2528       26      363       0
                text10                             1DDC     1DDC       B4      363       0
                text9                              2574     2574       1E      363       0
                text8                              1F34     1F34       88      363       0
                text7                              1BD0     1BD0      108      363       0
                text6                              1AC4     1AC4      10C      363       0
                text5                              2502     2502       26      363       0
                text4                              25CE     25CE       1A      363       0
                text3                              21D8     21D8       58      363       0
                text2                              2230     2230       56      363       0
                text1                              16B8     16B8      16C      363       0
                text0                               6C6      6C6      696      363       0
                cstackCOMRAM                         1F       1F       1A        1       1
                dataCOMRAM                           39       39        6        1       1
                bssCOMRAM                             1        1       1E        1       1
                cinit                              23EC     23EC       36      363       0
                idataCOMRAM                        25F2     25F2        6      363       0

TOTAL           Name                               Link     Load   Length     Space
        CLASS   STACK          

        CLASS   CODE           
                init                                  0        0        4         0
                text38                              D5C      D5C      4C0         0
                text37                             1CD8     1CD8      104         0
                text36                             1E90     1E90       A4         0
                text35                             1FBC     1FBC       88         0
                text34                             146A     146A      24E         0
                text33                             2324     2324       48         0
                text32                             2286     2286       50         0
                text31                             2044     2044       74         0
                text30                             254E     254E       26         0
                text29                             20B8     20B8       6C         0
                text28                             217E     217E       5A         0
                text27                             25B0     25B0       1E         0
                text26                             24D8     24D8       2A         0
                text25                             1824     1824      16A         0
                text24                             121C     121C      24E         0
                text23                             24AE     24AE       2A         0
                text22                             2484     2484       2A         0
                text21                             22D6     22D6       4E         0
                text20                             198E     198E      136         0
                text19                             23AE     23AE       3E         0
                text18                             2422     2422       32         0
                text17                             25E8     25E8        A         0
                text16                             2454     2454       30         0
                text15                             25F8     25F8        2         0
                text14                             236C     236C       42         0
                text13                             2124     2124       5A         0
                text12                             2592     2592       1E         0
                text11                             2528     2528       26         0
                text10                             1DDC     1DDC       B4         0
                text9                              2574     2574       1E         0
                text8                              1F34     1F34       88         0
                text7                              1BD0     1BD0      108         0
                text6                              1AC4     1AC4      10C         0
                text5                              2502     2502       26         0
                text4                              25CE     25CE       1A         0
                text3                              21D8     21D8       58         0
                text2                              2230     2230       56         0
                text1                              16B8     16B8      16C         0
                text0                               6C6      6C6      696         0
                cinit                              23EC     23EC       36         0
                idataCOMRAM                        25F2     25F2        6         0

        CLASS   CONST          

        CLASS   SMALLCONST     
                smallconst                          600      600       C6         0

        CLASS   MEDIUMCONST    

        CLASS   COMRAM         
                cstackCOMRAM                         1F       1F       1A         1
                dataCOMRAM                           39       39        6         1
                bssCOMRAM                             1        1       1E         1

        CLASS   ABS1           

        CLASS   BIGRAM         

        CLASS   RAM            

        CLASS   BANK0          

        CLASS   BANK1          

        CLASS   BANK2          

        CLASS   BANK3          

        CLASS   BANK4          

        CLASS   BANK5          

        CLASS   SFR            

        CLASS   CONFIG         
                config                           300000   300000        E         4

        CLASS   IDLOC          
                idloc                            200000   200000        8         5

        CLASS   EEDATA         

        CLASS   FARRAM         



SEGMENTS        Name                           Load    Length   Top    Selector   Space  Class

                reset_vec                      000000  000004  000004         0       0  CODE    
                bssCOMRAM                      000001  00003E  00003F         1       1  COMRAM  
                smallconst                     000600  0000C6  0006C6       300       0  SMALLCON
                text0                          0006C6  001F34  0025FA       363       0  CODE    


UNUSED ADDRESS RANGES

        Name                Unused          Largest block    Delta
        BANK0            000080-0000FF               80
        BANK1            000100-0001FF              100
        BANK2            000200-0002FF              100
        BANK3            000300-0003FF              100
        BANK4            000400-0004FF              100
        BANK5            000500-0005FF              100
        BIGRAM           00003F-0005FF              5C1
        CODE             000004-0005FF              5FC
                         0025FA-007FFF             5A06
        COMRAM           00003F-00007F               41
        CONST            000004-0005FF              5FC
                         0025FA-007FFF             5A06
        EEDATA           F00000-F000FF              100
        MEDIUMCONST      0025FA-007FFF             5A06
        RAM              000080-0005FF              100
        SFR              000F80-000FFF               80
        SMALLCONST       0025FA-007FFF              100
        STACK            000080-0005FF              580

                                  Symbol Table

?___aldiv                 cstackCOMRAM 00001F
?___fladd                 cstackCOMRAM 00001F
?___lldiv                 cstackCOMRAM 00001F
?___llmod                 cstackCOMRAM 00002C
?___lwdiv                 cstackCOMRAM 00001F
?___wmul                  cstackCOMRAM 000023
?_adcRead                 cstackCOMRAM 00001F
?_digitalRead             cstackCOMRAM 00001F
?_kpRead                  cstackCOMRAM 00001F
_ADCON0                   (abs)        000FC2
_ADCON1                   (abs)        000FC1
_ADCON2                   (abs)        000FC0
_ADRESH                   (abs)        000FC4
_ADRESL                   (abs)        000FC3
_CCP2CON                  (abs)        000FBA
_CCPR2L                   (abs)        000FBB
_INTCON                   (abs)        000FF2
_PORTA                    (abs)        000F80
_PORTB                    (abs)        000F81
_PORTC                    (abs)        000F82
_PORTD                    (abs)        000F83
_PORTE                    (abs)        000F84
_PR2                      (abs)        000FCB
_PulseClockData           text23       0024AE
_PulseEnClock             text22       002484
_T0CON                    (abs)        000FD5
_T2CON                    (abs)        000FCA
_TMR0H                    (abs)        000FD7
_TMR0L                    (abs)        000FD6
_TRISA                    (abs)        000F92
_TRISB                    (abs)        000F93
_TRISC                    (abs)        000F94
_TRISD                    (abs)        000F95
_TRISE                    (abs)        000F96
__HRAM                    (abs)        000000
__Habs1                   abs1         000000
__Hbank0                  bank0        000000
__Hbank1                  bank1        000000
__Hbank2                  bank2        000000
__Hbank3                  bank3        000000
__Hbank4                  bank4        000000
__Hbank5                  bank5        000000
__Hbigbss                 bigbss       000000
__Hbigdata                bigdata      000000
__Hbigram                 bigram       000000
__Hbss                    bss          000000
__HbssCOMRAM              bssCOMRAM    000000
__Hcinit                  cinit        000000
__Hclrtext                clrtext      000000
__Hcomram                 comram       000000
__Hconfig                 config       30000E
__Hconst                  const        000000
__HcstackCOMRAM           cstackCOMRAM 000000
__Hdata                   data         000000
__HdataCOMRAM             dataCOMRAM   000000
__Heeprom_data            eeprom_data  000000
__Hfarbss                 farbss       000000
__Hfardata                fardata      000000
__Hibigdata               ibigdata     000000
__Hidata                  idata        000000
__HidataCOMRAM            idataCOMRAM  000000
__Hidloc                  idloc        200008
__Hifardata               ifardata     000000
__Hinit                   init         000004
__Hintcode                intcode      000000
__Hintcode_body           intcode_body 000000
__Hintcodelo              intcodelo    000000
__Hintentry               intentry     000000
__Hintret                 intret       000000
__Hintsave_regs           intsave_regs 000000
__Hirdata                 irdata       000000
__Hmediumconst            mediumconst  000000
__HnvFARRAM               nvFARRAM     000000
__Hnvbit                  nvbit        000000
__Hnvrram                 nvrram       000000
__Hparam                  rparam       000000
__Hpowerup                powerup      000000
__Hram                    ram          000000
__Hramtop                 ramtop       000600
__Hrbit                   rbit         000000
__Hrbss                   rbss         000000
__Hrdata                  rdata        000000
__Hreset_vec              reset_vec    000000
__Hrparam                 rparam       000000
__Hsfr                    sfr          000000
__Hsmallconst             smallconst   0006C6
__Hspace_0                (abs)        0025FA
__Hspace_1                (abs)        00003F
__Hspace_2                (abs)        000000
__Hspace_4                (abs)        60000E
__Hstack                  stack        000000
__Hstruct                 struct       000000
__Htemp                   temp         000000
__Htext                   text         000000
__Htext0                  text0        000000
__Htext1                  text1        000000
__Htext10                 text10       000000
__Htext11                 text11       000000
__Htext12                 text12       000000
__Htext13                 text13       000000
__Htext14                 text14       000000
__Htext15                 text15       000000
__Htext16                 text16       000000
__Htext17                 text17       000000
__Htext18                 text18       000000
__Htext19                 text19       000000
__Htext2                  text2        000000
__Htext20                 text20       000000
__Htext21                 text21       000000
__Htext22                 text22       000000
__Htext23                 text23       000000
__Htext24                 text24       000000
__Htext25                 text25       000000
__Htext26                 text26       000000
__Htext27                 text27       000000
__Htext28                 text28       000000
__Htext29                 text29       000000
__Htext3                  text3        000000
__Htext30                 text30       000000
__Htext31                 text31       000000
__Htext32                 text32       000000
__Htext33                 text33       000000
__Htext34                 text34       000000
__Htext35                 text35       000000
__Htext36                 text36       000000
__Htext37                 text37       000000
__Htext38                 text38       000000
__Htext4                  text4        000000
__Htext5                  text5        000000
__Htext6                  text6        000000
__Htext7                  text7        000000
__Htext8                  text8        000000
__Htext9                  text9        000000
__LRAM                    (abs)        000001
__Labs1                   abs1         000000
__Lbank0                  bank0        000000
__Lbank1                  bank1        000000
__Lbank2                  bank2        000000
__Lbank3                  bank3        000000
__Lbank4                  bank4        000000
__Lbank5                  bank5        000000
__Lbigbss                 bigbss       000000
__Lbigdata                bigdata      000000
__Lbigram                 bigram       000000
__Lbss                    bss          000000
__LbssCOMRAM              bssCOMRAM    000000
__Lcinit                  cinit        000000
__Lclrtext                clrtext      000000
__Lcomram                 comram       000000
__Lconfig                 config       000000
__Lconst                  const        000000
__LcstackCOMRAM           cstackCOMRAM 000000
__Ldata                   data         000000
__LdataCOMRAM             dataCOMRAM   000000
__Leeprom_data            eeprom_data  000000
__Lfarbss                 farbss       000000
__Lfardata                fardata      000000
__Libigdata               ibigdata     000000
__Lidata                  idata        000000
__LidataCOMRAM            idataCOMRAM  000000
__Lidloc                  idloc        000000
__Lifardata               ifardata     000000
__Linit                   init         000000
__Lintcode                intcode      000000
__Lintcode_body           intcode_body 000000
__Lintcodelo              intcodelo    000000
__Lintentry               intentry     000000
__Lintret                 intret       000000
__Lintsave_regs           intsave_regs 000000
__Lirdata                 irdata       000000
__Lmediumconst            mediumconst  000000
__LnvFARRAM               nvFARRAM     000000
__Lnvbit                  nvbit        000000
__Lnvrram                 nvrram       000000
__Lparam                  rparam       000000
__Lpowerup                powerup      000000
__Lram                    ram          000000
__Lramtop                 ramtop       000600
__Lrbit                   rbit         000000
__Lrbss                   rbss         000000
__Lrdata                  rdata        000000
__Lreset_vec              reset_vec    000000
__Lrparam                 rparam       000000
__Lsfr                    sfr          000000
__Lsmallconst             smallconst   000600
__Lspace_0                (abs)        000000
__Lspace_1                (abs)        000000
__Lspace_2                (abs)        000000
__Lspace_4                (abs)        000000
__Lstack                  stack        000000
__Lstruct                 struct       000000
__Ltemp                   temp         000000
__Ltext                   text         000000
__Ltext0                  text0        000000
__Ltext1                  text1        000000
__Ltext10                 text10       000000
__Ltext11                 text11       000000
__Ltext12                 text12       000000
__Ltext13                 text13       000000
__Ltext14                 text14       000000
__Ltext15                 text15       000000
__Ltext16                 text16       000000
__Ltext17                 text17       000000
__Ltext18                 text18       000000
__Ltext19                 text19       000000
__Ltext2                  text2        000000
__Ltext20                 text20       000000
__Ltext21                 text21       000000
__Ltext22                 text22       000000
__Ltext23                 text23       000000
__Ltext24                 text24       000000
__Ltext25                 text25       000000
__Ltext26                 text26       000000
__Ltext27                 text27       000000
__Ltext28                 text28       000000
__Ltext29                 text29       000000
__Ltext3                  text3        000000
__Ltext30                 text30       000000
__Ltext31                 text31       000000
__Ltext32                 text32       000000
__Ltext33                 text33       000000
__Ltext34                 text34       000000
__Ltext35                 text35       000000
__Ltext36                 text36       000000
__Ltext37                 text37       000000
__Ltext38                 text38       000000
__Ltext4                  text4        000000
__Ltext5                  text5        000000
__Ltext6                  text6        000000
__Ltext7                  text7        000000
__Ltext8                  text8        000000
__Ltext9                  text9        000000
__S0                      (abs)        0025FA
__S1                      (abs)        00003F
__S2                      (abs)        000000
__S4                      (abs)        000000
__S5                      (abs)        000000
___aldiv                  text6        001AC4
___aldiv@counter          cstackCOMRAM 000027
___aldiv@dividend         cstackCOMRAM 00001F
___aldiv@divisor          cstackCOMRAM 000023
___aldiv@quotient         cstackCOMRAM 000029
___aldiv@sign             cstackCOMRAM 000028
___fladd                  text38       000D5C
___fladd@a                cstackCOMRAM 000023
___fladd@aexp             cstackCOMRAM 00002C
___fladd@b                cstackCOMRAM 00001F
___fladd@bexp             cstackCOMRAM 00002D
___fladd@grs              cstackCOMRAM 00002E
___fladd@signs            cstackCOMRAM 00002B
___flge                   text37       001CD8
___flge@ff1               cstackCOMRAM 00001F
___flge@ff2               cstackCOMRAM 000023
___inthi_sp               stack        000000
___intlo_sp               stack        000000
___lldiv                  text36       001E90
___lldiv@counter          cstackCOMRAM 00002B
___lldiv@dividend         cstackCOMRAM 00001F
___lldiv@divisor          cstackCOMRAM 000023
___lldiv@quotient         cstackCOMRAM 000027
___llmod                  text35       001FBC
___llmod@counter          cstackCOMRAM 000034
___llmod@dividend         cstackCOMRAM 00002C
___llmod@divisor          cstackCOMRAM 000030
___lwdiv                  text31       002044
___lwdiv@counter          cstackCOMRAM 000025
___lwdiv@dividend         cstackCOMRAM 00001F
___lwdiv@divisor          cstackCOMRAM 000021
___lwdiv@quotient         cstackCOMRAM 000023
___param_bank             (abs)        000000
___rparam_used            (abs)        000001
___sp                     stack        000000
___wmul                   text30       00254E
___wmul@multiplicand      cstackCOMRAM 000025
___wmul@multiplier        cstackCOMRAM 000023
___wmul@product           cstackCOMRAM 000027
__accesstop               (abs)        000080
__activetblptr            (abs)        000002
__end_of_PulseClockData   text23       0024D8
__end_of_PulseEnClock     text22       0024AE
__end_of___aldiv          text6        001BD0
__end_of___fladd          text38       00121C
__end_of___flge           text37       001DDC
__end_of___lldiv          text36       001F34
__end_of___llmod          text35       002044
__end_of___lwdiv          text31       0020B8
__end_of___wmul           text30       002574
__end_of__initialization  cinit        002418
__end_of_adcInit          text33       00236C
__end_of_adcRead          text32       0022D6
__end_of_charKey          smallconst   00061B
__end_of_delayMicro       text15       0025FA
__end_of_delayMili        text16       002484
__end_of_digitalRead      text25       00198E
__end_of_digitalWrite     text24       00146A
__end_of_geladeiraAberta  text26       002502
__end_of_kpDebounce       text20       001AC4
__end_of_kpInit           text18       002454
__end_of_kpRead           text17       0025F2
__end_of_lcdChar          text9        002592
__end_of_lcdCommand       text12       0025B0
__end_of_lcdInit          text10       001E90
__end_of_lcdString        text8        001FBC
__end_of_main             text0        000D5C
__end_of_msg              text7        001CD8
__end_of_pinMode          text34       0016B8
__end_of_pulseEnablePin   text14       0023AE
__end_of_pushByte         text13       00217E
__end_of_pushNibble       text11       00254E
__end_of_pwmFrequency     text5        002528
__end_of_pwmInit          text4        0025E8
__end_of_pwmSet           text29       002124
__end_of_soInit           text19       0023EC
__end_of_soWrite          text21       002324
__end_of_ssdDigit         text3        002230
__end_of_ssdInit          text2        002286
__end_of_ssdUpdate        text1        001824
__end_of_tempo            text28       0021D8
__end_of_tempoS           text27       0025CE
__end_of_valor            smallconst   000611
__initialization          cinit        0023EC
__mediumconst             mediumconst  000000
__pbssCOMRAM              bssCOMRAM    000001
__pcinit                  cinit        0023EC
__pcstackCOMRAM           cstackCOMRAM 00001F
__pdataCOMRAM             dataCOMRAM   000039
__pidataCOMRAM            idataCOMRAM  0025F2
__psmallconst             smallconst   000600
__ptext0                  text0        0006C6
__ptext1                  text1        0016B8
__ptext10                 text10       001DDC
__ptext11                 text11       002528
__ptext12                 text12       002592
__ptext13                 text13       002124
__ptext14                 text14       00236C
__ptext15                 text15       0025F8
__ptext16                 text16       002454
__ptext17                 text17       0025E8
__ptext18                 text18       002422
__ptext19                 text19       0023AE
__ptext2                  text2        002230
__ptext20                 text20       00198E
__ptext21                 text21       0022D6
__ptext22                 text22       002484
__ptext23                 text23       0024AE
__ptext24                 text24       00121C
__ptext25                 text25       001824
__ptext26                 text26       0024D8
__ptext27                 text27       0025B0
__ptext28                 text28       00217E
__ptext29                 text29       0020B8
__ptext3                  text3        0021D8
__ptext30                 text30       00254E
__ptext31                 text31       002044
__ptext32                 text32       002286
__ptext33                 text33       002324
__ptext34                 text34       00146A
__ptext35                 text35       001FBC
__ptext36                 text36       001E90
__ptext37                 text37       001CD8
__ptext38                 text38       000D5C
__ptext4                  text4        0025CE
__ptext5                  text5        002502
__ptext6                  text6        001AC4
__ptext7                  text7        001BD0
__ptext8                  text8        001F34
__ptext9                  text9        002574
__ramtop                  ramtop       000600
__size_of_PulseClockData  (abs)        000000
__size_of_PulseEnClock    (abs)        000000
__size_of___aldiv         (abs)        000000
__size_of___fladd         (abs)        000000
__size_of___flge          (abs)        000000
__size_of___lldiv         (abs)        000000
__size_of___llmod         (abs)        000000
__size_of___lwdiv         (abs)        000000
__size_of___wmul          (abs)        000000
__size_of_adcInit         (abs)        000000
__size_of_adcRead         (abs)        000000
__size_of_delayMicro      (abs)        000000
__size_of_delayMili       (abs)        000000
__size_of_digitalRead     (abs)        000000
__size_of_digitalWrite    (abs)        000000
__size_of_geladeiraAberta (abs)        000000
__size_of_kpDebounce      (abs)        000000
__size_of_kpInit          (abs)        000000
__size_of_kpRead          (abs)        000000
__size_of_lcdChar         (abs)        000000
__size_of_lcdCommand      (abs)        000000
__size_of_lcdInit         (abs)        000000
__size_of_lcdString       (abs)        000000
__size_of_main            (abs)        000000
__size_of_msg             (abs)        000000
__size_of_pinMode         (abs)        000000
__size_of_pulseEnablePin  (abs)        000000
__size_of_pushByte        (abs)        000000
__size_of_pushNibble      (abs)        000000
__size_of_pwmFrequency    (abs)        000000
__size_of_pwmInit         (abs)        000000
__size_of_pwmSet          (abs)        000000
__size_of_soInit          (abs)        000000
__size_of_soWrite         (abs)        000000
__size_of_ssdDigit        (abs)        000000
__size_of_ssdInit         (abs)        000000
__size_of_ssdUpdate       (abs)        000000
__size_of_tempo           (abs)        000000
__size_of_tempoS          (abs)        000000
__smallconst              smallconst   000600
_aberta                   bssCOMRAM    000015
_adcInit                  text33       002324
_adcRead                  text32       002286
_cron                     bssCOMRAM    000009
_cronOn                   bssCOMRAM    000016
_delayMicro               text15       0025F8
_delayMili                text16       002454
_digitalRead              text25       001824
_digitalWrite             text24       00121C
_display                  bssCOMRAM    00001D
_geladeiraAberta          text26       0024D8
_keys                     bssCOMRAM    00000F
_kpDebounce               text20       00198E
_kpInit                   text18       002422
_kpRead                   text17       0025E8
_lcdChar                  text9        002574
_lcdCommand               text12       002592
_lcdInit                  text10       001DDC
_lcdString                text8        001F34
_m                        bssCOMRAM    000018
_m1                       bssCOMRAM    000005
_main                     text0        0006C6
_msg                      text7        001BD0
_nMensagem                bssCOMRAM    000014
_pinMode                  text34       00146A
_potencia                 dataCOMRAM   00003E
_potenciaAux              bssCOMRAM    000013
_potenciaF                dataCOMRAM   00003C
_potenciaG                dataCOMRAM   00003D
_potenciaUpdate           bssCOMRAM    000012
_pulseEnablePin           text14       00236C
_pushByte                 text13       002124
_pushNibble               text11       002528
_pwmFrequency             text5        002502
_pwmInit                  text4        0025CE
_pwmSet                   text29       0020B8
_soInit                   text19       0023AE
_soWrite                  text21       0022D6
_ssdDigit                 text3        0021D8
_ssdInit                  text2        002230
_ssdUpdate                text1        0016B8
_tecla                    dataCOMRAM   000039
_tempo                    text28       00217E
_tempoS                   text27       0025B0
_tempot                   bssCOMRAM    000011
_timer                    bssCOMRAM    000017
_turbo                    dataCOMRAM   00003B
_v0                       bssCOMRAM    00001C
_v1                       bssCOMRAM    00001B
_v2                       bssCOMRAM    00001A
_v3                       bssCOMRAM    000019
_valor                    smallconst   000601
_vtempo                   bssCOMRAM    000001
adcRead@ADvalor           cstackCOMRAM 000021
adcRead@channel           cstackCOMRAM 00001F
delayMicro@a              cstackCOMRAM 00001F
delayMili@a               cstackCOMRAM 00001F
delayMili@i               cstackCOMRAM 000022
digitalRead@pin           cstackCOMRAM 00001F
digitalWrite@pin          cstackCOMRAM 00001F
digitalWrite@value        cstackCOMRAM 000021
end_of_initialization     cinit        002418
intlevel0                 text         000000
intlevel1                 text         000000
intlevel2                 text         000000
intlevel3                 text         000000
isa$std                   (abs)        000001
isa$xinst                 (abs)        000000
kpDebounce@i              cstackCOMRAM 00002B
kpDebounce@newRead        bssCOMRAM    00000D
kpDebounce@oldRead        bssCOMRAM    00000B
kpDebounce@tempo          bssCOMRAM    00001E
lcdChar@value             cstackCOMRAM 00002C
lcdCommand@value          cstackCOMRAM 00002C
lcdString@i               cstackCOMRAM 000031
lcdString@msg             cstackCOMRAM 00002D
pinMode@pin               cstackCOMRAM 00001F
pinMode@type              cstackCOMRAM 000021
pushByte@rs               cstackCOMRAM 000028
pushByte@value            cstackCOMRAM 00002B
pushNibble@rs             cstackCOMRAM 000028
pushNibble@value          cstackCOMRAM 00002A
pwmFrequency@freq         cstackCOMRAM 00002D
pwmSet@porcento           cstackCOMRAM 00002B
pwmSet@val                cstackCOMRAM 00002C
soWrite@i                 cstackCOMRAM 000027
soWrite@value             cstackCOMRAM 000025
ssdDigit@pos              cstackCOMRAM 000035
ssdDigit@val              cstackCOMRAM 000036
stackhi                   (abs)        0005FF
stacklo                   (abs)        000080
start                     init         000000
start_initialization      cinit        0023EC
tempo@i                   cstackCOMRAM 00001F
tempo@j                   cstackCOMRAM 000020
tempo@k                   cstackCOMRAM 000021
tempoS@i                  cstackCOMRAM 000022


MODULE INFORMATION

Module		Function		Class		Link	Load	Size
ssd.c
		_ssdInit       		CODE           	2230	0000	86
		_ssdDigit      		CODE           	21D8	0000	88
		_ssdUpdate     		CODE           	16B8	0000	364

ssd.c estimated size: 538

C:\Program Files\Microchip\xc8\v2.32\pic\sources\c99\common\sprcadd.c
		___fladd       		CODE           	0D5C	0000	1216

C:\Program Files\Microchip\xc8\v2.32\pic\sources\c99\common\sprcadd.c estimated size: 1216

delay.c
		_tempoS        		CODE           	25B0	0000	30
		_tempo         		CODE           	217E	0000	90

delay.c estimated size: 120

C:\Program Files\Microchip\xc8\v2.32\pic\sources\c99\common\aldiv.c
		___aldiv       		CODE           	1AC4	0000	268

C:\Program Files\Microchip\xc8\v2.32\pic\sources\c99\common\aldiv.c estimated size: 268

keypad.c
		_kpInit        		CODE           	2422	0000	50
		_kpDebounce    		CODE           	198E	0000	310
		_kpRead        		CODE           	25E8	0000	10

keypad.c estimated size: 370

so.c
		_soInit        		CODE           	23AE	0000	62
		_soWrite       		CODE           	22D6	0000	78
		_PulseEnClock  		CODE           	2484	0000	42
		_PulseClockData		CODE           	24AE	0000	42

so.c estimated size: 224

io.c
		_digitalRead   		CODE           	1824	0000	362
		_digitalWrite  		CODE           	121C	0000	590
		_pinMode       		CODE           	146A	0000	590

io.c estimated size: 1542

pwm.c
		_pwmInit       		CODE           	25CE	0000	26
		_pwmFrequency  		CODE           	2502	0000	38
		_pwmSet        		CODE           	20B8	0000	108

pwm.c estimated size: 172

C:\Program Files\Microchip\xc8\v2.32\pic\sources\c99\common\Umul16.c
		___wmul        		CODE           	254E	0000	38

C:\Program Files\Microchip\xc8\v2.32\pic\sources\c99\common\Umul16.c estimated size: 38

C:\Program Files\Microchip\xc8\v2.32\pic\sources\c99\common\llmod.c
		___llmod       		CODE           	1FBC	0000	136

C:\Program Files\Microchip\xc8\v2.32\pic\sources\c99\common\llmod.c estimated size: 136

adc.c
		_adcRead       		CODE           	2286	0000	80
		_adcInit       		CODE           	2324	0000	72

adc.c estimated size: 152

shared
		_valor         		SMALLCONST     	0601	0000	16
		_charKey       		SMALLCONST     	0000	0000	0
		__initialization		CODE           	23EC	0000	44

shared estimated size: 60

C:\Program Files\Microchip\xc8\v2.32\pic\sources\c99\common\lwdiv.c
		___lwdiv       		CODE           	2044	0000	116

C:\Program Files\Microchip\xc8\v2.32\pic\sources\c99\common\lwdiv.c estimated size: 116

lcd.c
		_lcdCommand    		CODE           	2592	0000	30
		_lcdChar       		CODE           	2574	0000	30
		_lcdString     		CODE           	1F34	0000	136
		_pulseEnablePin		CODE           	236C	0000	66
		_pushByte      		CODE           	2124	0000	90
		_pushNibble    		CODE           	2528	0000	38
		_lcdInit       		CODE           	1DDC	0000	180
		_delayMili     		CODE           	2454	0000	48
		_delayMicro    		CODE           	25F8	0000	2

lcd.c estimated size: 620

C:\Program Files\Microchip\xc8\v2.32\pic\sources\c99\common\__lldiv.c
		___lldiv       		CODE           	1E90	0000	164

C:\Program Files\Microchip\xc8\v2.32\pic\sources\c99\common\__lldiv.c estimated size: 164

main.c
		_geladeiraAberta		CODE           	24D8	0000	42
		_msg           		CODE           	1BD0	0000	264
		_main          		CODE           	06C6	0000	1686

main.c estimated size: 1992

C:\Program Files\Microchip\xc8\v2.32\pic\sources\c99\common\flge.c
		___flge        		CODE           	1CD8	0000	260

C:\Program Files\Microchip\xc8\v2.32\pic\sources\c99\common\flge.c estimated size: 260

